Novo Nordisk                     successfactors, avature                  lists=0
A.P. Møller - Mærsk              workday                                  lists=2
McKinsey & Company               -                                        lists=0
LEGO Group                       workday                                  lists=0
Danske Bank                      -                                        lists=5
Deloitte                         -                                        lists=0
PwC                              -                                        lists=0
Carlsberg                        successfactors                           lists=0
Boston Consulting Group (BCG)    eightfold, phenom                        lists=0
Nordea                           -                                        lists=0
Microsoft                        eightfold                                lists=0
EY                               successfactors                           lists=0
Jyske Bank                       -                                        lists=0
Nykredit                         -                                        lists=2
Bestseller                       -                                        lists=0
L'Oréal Groupe                   -                                        lists=0
Bain & Company                   -                                        lists=0
Vestas                           successfactors                           lists=0
Implement                        -                                        lists=0
Saxo Bank                        workday                                  lists=0
Finansministeriet                -                                        lists=0
Bang & Olufsen                   successfactors, hrmanager                lists=0
Danmarks Nationalbank            -                                        lists=0
Arla Foods                       phenom                                   lists=0
Udenrigsministeriet              -                                        lists=0
Pandora                          successfactors                           lists=5
Dansk Industri                   teamtailor                               lists=1
Nordnet                          -                                        lists=0
Ørsted                           successfactors                           lists=5
KPMG                             hrmanager                                lists=5
Matas                            emply                                    lists=0
Salling Group                    -                                        lists=5
PA Consulting Group              smartrecruiters                          lists=2
Københavns Lufthavne             -                                        lists=0
Danske Commodities               teamtailor                               lists=5
Netcompany                       smartrecruiters                          lists=1
PFA Pension                      successfactors                           lists=0
SAS                              -                                        lists=0
Amazon                           -                                        lists=0
Beierholm                        talentsoft/cornerstone                   lists=0
AL Sydbank                       -                                        lists=0
Forsvaret                        -                                        lists=0
IKEA                             avature                                  lists=5
Statsministeriet                 -                                        lists=0
Accenture                        workday                                  lists=0
Danmarks Radio                   hrmanager                                lists=5
DSV                              -                                        lists=0
BDO                              emply                                    lists=0
Rambøll                          smartrecruiters                          lists=0
Novonesis                        workday                                  lists=0
